ADMIN@DESKTOP-THORTJH MINGW64 /i/Scoopons/git_practice_work/PQR
$ git --version
git version 2.33.0.windows.2

ADMIN@DESKTOP-THORTJH MINGW64 /i/Scoopons/git_practice_work/PQR
$ mkdir gitlearn

ADMIN@DESKTOP-THORTJH MINGW64 /i/Scoopons/git_practice_work/PQR
$ cd gitlearn

ADMIN@DESKTOP-THORTJH MINGW64 /i/Scoopons/git_practice_work/PQR/gitlearn
$ git init
Initialized empty Git repository in I:/Scoopons/git_practice_work/PQR/gitlearn/.git/

ADMIN@DESKTOP-THORTJH MINGW64 /i/Scoopons/git_practice_work/PQR/gitlearn (master)
$ ls

ADMIN@DESKTOP-THORTJH MINGW64 /i/Scoopons/git_practice_work/PQR/gitlearn (master)
$ ls -a
./  ../  .git/

ADMIN@DESKTOP-THORTJH MINGW64 /i/Scoopons/git_practice_work/PQR/gitlearn (master)
$ git status
On branch master

No commits yet

Untracked files:
  (use "git add <file>..." to include in what will be committed)
        add.py
        add.py.bak

nothing added to commit but untracked files present (use "git add" to track)

ADMIN@DESKTOP-THORTJH MINGW64 /i/Scoopons/git_practice_work/PQR/gitlearn (master)
$ git status
On branch master

No commits yet

Untracked files:
  (use "git add <file>..." to include in what will be committed)
        add.py

nothing added to commit but untracked files present (use "git add" to track)

ADMIN@DESKTOP-THORTJH MINGW64 /i/Scoopons/git_practice_work/PQR/gitlearn (master)
$ git add add.py

ADMIN@DESKTOP-THORTJH MINGW64 /i/Scoopons/git_practice_work/PQR/gitlearn (master)
$ git status
On branch master

No commits yet

Changes to be committed:
  (use "git rm --cached <file>..." to unstage)
        new file:   add.py


ADMIN@DESKTOP-THORTJH MINGW64 /i/Scoopons/git_practice_work/PQR/gitlearn (master)
$ git commit -m "initial commit"
[master (root-commit) e713454] initial commit
 1 file changed, 4 insertions(+)
 create mode 100644 add.py

ADMIN@DESKTOP-THORTJH MINGW64 /i/Scoopons/git_practice_work/PQR/gitlearn (master)
$ git log
commit e713454bf5ba92d38d88d778d7d261d658d97055 (HEAD -> master)
Author: pandit dandgule <panditdandgule777@gmail.com>
Date:   Sun Jun 12 16:24:58 2022 +0530

    initial commit

ADMIN@DESKTOP-THORTJH MINGW64 /i/Scoopons/git_practice_work/PQR/gitlearn (master)
$ git status
On branch master
Changes not staged for commit:
  (use "git add <file>..." to update what will be committed)
  (use "git restore <file>..." to discard changes in working directory)
        modified:   add.py

Untracked files:
  (use "git add <file>..." to include in what will be committed)
        add.py.bak

no changes added to commit (use "git add" and/or "git commit -a")

ADMIN@DESKTOP-THORTJH MINGW64 /i/Scoopons/git_practice_work/PQR/gitlearn (master)
$ git status
On branch master
Changes not staged for commit:
  (use "git add <file>..." to update what will be committed)
  (use "git restore <file>..." to discard changes in working directory)
        modified:   add.py

Untracked files:
  (use "git add <file>..." to include in what will be committed)
        add.py.bak
        diff.py

no changes added to commit (use "git add" and/or "git commit -a")

ADMIN@DESKTOP-THORTJH MINGW64 /i/Scoopons/git_practice_work/PQR/gitlearn (master)
$ git add diff.py

ADMIN@DESKTOP-THORTJH MINGW64 /i/Scoopons/git_practice_work/PQR/gitlearn (master)
$ git status
On branch master
Changes to be committed:
  (use "git restore --staged <file>..." to unstage)
        new file:   diff.py

Changes not staged for commit:
  (use "git add <file>..." to update what will be committed)
  (use "git restore <file>..." to discard changes in working directory)
        modified:   add.py

Untracked files:
  (use "git add <file>..." to include in what will be committed)
        add.py.bak


ADMIN@DESKTOP-THORTJH MINGW64 /i/Scoopons/git_practice_work/PQR/gitlearn (master)
$ git commit -m "adding diff.py"
[master 028d4d2] adding diff.py
 1 file changed, 0 insertions(+), 0 deletions(-)
 create mode 100644 diff.py

ADMIN@DESKTOP-THORTJH MINGW64 /i/Scoopons/git_practice_work/PQR/gitlearn (master)
$ git log
commit 028d4d2adf456e812bc71d5e8de34858cb7f6912 (HEAD -> master)
Author: pandit dandgule <panditdandgule777@gmail.com>
Date:   Sun Jun 12 16:28:47 2022 +0530

    adding diff.py

commit e713454bf5ba92d38d88d778d7d261d658d97055
Author: pandit dandgule <panditdandgule777@gmail.com>
Date:   Sun Jun 12 16:24:58 2022 +0530

    initial commit

ADMIN@DESKTOP-THORTJH MINGW64 /i/Scoopons/git_practice_work/PQR/gitlearn (master)
$ git add .

ADMIN@DESKTOP-THORTJH MINGW64 /i/Scoopons/git_practice_work/PQR/gitlearn (master)
$ git commit -m "added files"
[master c2c0327] added files
 2 files changed, 5 insertions(+), 1 deletion(-)
 create mode 100644 add.py.bak

ADMIN@DESKTOP-THORTJH MINGW64 /i/Scoopons/git_practice_work/PQR/gitlearn (master)
$ git status
On branch master
nothing to commit, working tree clean

ADMIN@DESKTOP-THORTJH MINGW64 /i/Scoopons/git_practice_work/PQR/gitlearn (master)
$ git log
commit c2c03277a1860e9e9bee29a4b5ff363b70def2e1 (HEAD -> master)
Author: pandit dandgule <panditdandgule777@gmail.com>
Date:   Sun Jun 12 16:29:50 2022 +0530

    added files

commit 028d4d2adf456e812bc71d5e8de34858cb7f6912
Author: pandit dandgule <panditdandgule777@gmail.com>
Date:   Sun Jun 12 16:28:47 2022 +0530

    adding diff.py

commit e713454bf5ba92d38d88d778d7d261d658d97055
Author: pandit dandgule <panditdandgule777@gmail.com>
Date:   Sun Jun 12 16:24:58 2022 +0530

    initial commit

ADMIN@DESKTOP-THORTJH MINGW64 /i/Scoopons/git_practice_work/PQR/gitlearn (master)
$ git checkout e713454bf5ba92d38d88d778d7d261d658d97055
Note: switching to 'e713454bf5ba92d38d88d778d7d261d658d97055'.

You are in 'detached HEAD' state. You can look around, make experimental
changes and commit them, and you can discard any commits you make in this
state without impacting any branches by switching back to a branch.

If you want to create a new branch to retain commits you create, you may
do so (now or later) by using -c with the switch command. Example:

  git switch -c <new-branch-name>

Or undo this operation with:

  git switch -

Turn off this advice by setting config variable advice.detachedHead to false

HEAD is now at e713454 initial commit

ADMIN@DESKTOP-THORTJH MINGW64 /i/Scoopons/git_practice_work/PQR/gitlearn ((e713454...))
$ git checkout master
Previous HEAD position was e713454 initial commit
Switched to branch 'master'

ADMIN@DESKTOP-THORTJH MINGW64 /i/Scoopons/git_practice_work/PQR/gitlearn (master)
$ git checkout e713454bf5ba92d38d88d778d7d261d658d97055
Note: switching to 'e713454bf5ba92d38d88d778d7d261d658d97055'.

You are in 'detached HEAD' state. You can look around, make experimental
changes and commit them, and you can discard any commits you make in this
state without impacting any branches by switching back to a branch.

If you want to create a new branch to retain commits you create, you may
do so (now or later) by using -c with the switch command. Example:

  git switch -c <new-branch-name>

Or undo this operation with:

  git switch -

Turn off this advice by setting config variable advice.detachedHead to false

HEAD is now at e713454 initial commit

ADMIN@DESKTOP-THORTJH MINGW64 /i/Scoopons/git_practice_work/PQR/gitlearn ((e713454...))
$ git branch
* (HEAD detached at e713454)
  master

ADMIN@DESKTOP-THORTJH MINGW64 /i/Scoopons/git_practice_work/PQR/gitlearn ((e713454...))
$ git log
commit e713454bf5ba92d38d88d778d7d261d658d97055 (HEAD)
Author: pandit dandgule <panditdandgule777@gmail.com>
Date:   Sun Jun 12 16:24:58 2022 +0530

    initial commit

ADMIN@DESKTOP-THORTJH MINGW64 /i/Scoopons/git_practice_work/PQR/gitlearn ((e713454...))
$ git checkout master
Previous HEAD position was e713454 initial commit
Switched to branch 'master'

ADMIN@DESKTOP-THORTJH MINGW64 /i/Scoopons/git_practice_work/PQR/gitlearn (master)
$ git log
commit c2c03277a1860e9e9bee29a4b5ff363b70def2e1 (HEAD -> master)
Author: pandit dandgule <panditdandgule777@gmail.com>
Date:   Sun Jun 12 16:29:50 2022 +0530

    added files

commit 028d4d2adf456e812bc71d5e8de34858cb7f6912
Author: pandit dandgule <panditdandgule777@gmail.com>
Date:   Sun Jun 12 16:28:47 2022 +0530

    adding diff.py

commit e713454bf5ba92d38d88d778d7d261d658d97055
Author: pandit dandgule <panditdandgule777@gmail.com>
Date:   Sun Jun 12 16:24:58 2022 +0530

    initial commit

ADMIN@DESKTOP-THORTJH MINGW64 /i/Scoopons/git_practice_work/PQR/gitlearn (master)
$ git branch dev

ADMIN@DESKTOP-THORTJH MINGW64 /i/Scoopons/git_practice_work/PQR/gitlearn (master)
$ git branch
  dev
* master

ADMIN@DESKTOP-THORTJH MINGW64 /i/Scoopons/git_practice_work/PQR/gitlearn (master)
$ git checkout dev
Switched to branch 'dev'

ADMIN@DESKTOP-THORTJH MINGW64 /i/Scoopons/git_practice_work/PQR/gitlearn (dev)
$ git checkout -b branchname/multiply
Switched to a new branch 'branchname/multiply'

ADMIN@DESKTOP-THORTJH MINGW64 /i/Scoopons/git_practice_work/PQR/gitlearn (branchname/multiply)
$ git status
On branch branchname/multiply
Untracked files:
  (use "git add <file>..." to include in what will be committed)
        multiply.py
        multiply.py.bak

nothing added to commit but untracked files present (use "git add" to track)

ADMIN@DESKTOP-THORTJH MINGW64 /i/Scoopons/git_practice_work/PQR/gitlearn (branchname/multiply)
$ git add multiply.py

ADMIN@DESKTOP-THORTJH MINGW64 /i/Scoopons/git_practice_work/PQR/gitlearn (branchname/multiply)
$ git commit -m "added multiply.py"
[branchname/multiply f8deb6a] added multiply.py
 1 file changed, 4 insertions(+)
 create mode 100644 multiply.py

ADMIN@DESKTOP-THORTJH MINGW64 /i/Scoopons/git_practice_work/PQR/gitlearn (branchname/multiply)
$ git checkout dev
Switched to branch 'dev'

ADMIN@DESKTOP-THORTJH MINGW64 /i/Scoopons/git_practice_work/PQR/gitlearn (dev)
$ git status
On branch dev
Untracked files:
  (use "git add <file>..." to include in what will be committed)
        multiply.py.bak

nothing added to commit but untracked files present (use "git add" to track)

ADMIN@DESKTOP-THORTJH MINGW64 /i/Scoopons/git_practice_work/PQR/gitlearn (dev)
$ git merge branchname/multiply
Updating c2c0327..f8deb6a
Fast-forward
 multiply.py | 4 ++++
 1 file changed, 4 insertions(+)
 create mode 100644 multiply.py

ADMIN@DESKTOP-THORTJH MINGW64 /i/Scoopons/git_practice_work/PQR/gitlearn (dev)
$ git log
commit f8deb6a0c52f1c0fa695f3508fea01a7698fd066 (HEAD -> dev, branchname/multiply)
Author: pandit dandgule <panditdandgule777@gmail.com>
Date:   Sun Jun 12 16:39:24 2022 +0530

    added multiply.py

commit c2c03277a1860e9e9bee29a4b5ff363b70def2e1 (master)
Author: pandit dandgule <panditdandgule777@gmail.com>
Date:   Sun Jun 12 16:29:50 2022 +0530

    added files

commit 028d4d2adf456e812bc71d5e8de34858cb7f6912
Author: pandit dandgule <panditdandgule777@gmail.com>
Date:   Sun Jun 12 16:28:47 2022 +0530

    adding diff.py

commit e713454bf5ba92d38d88d778d7d261d658d97055
Author: pandit dandgule <panditdandgule777@gmail.com>
Date:   Sun Jun 12 16:24:58 2022 +0530



ADMIN@DESKTOP-THORTJH MINGW64 /i/Scoopons/git_practice_work/PQR/gitlearn (dev)
$

ADMIN@DESKTOP-THORTJH MINGW64 /i/Scoopons/git_practice_work/PQR/gitlearn (dev)
$ git checkout master
Switched to branch 'master'

ADMIN@DESKTOP-THORTJH MINGW64 /i/Scoopons/git_practice_work/PQR/gitlearn (master)
$ git log
commit c2c03277a1860e9e9bee29a4b5ff363b70def2e1 (HEAD -> master)
Author: pandit dandgule <panditdandgule777@gmail.com>
Date:   Sun Jun 12 16:29:50 2022 +0530

    added files

commit 028d4d2adf456e812bc71d5e8de34858cb7f6912
Author: pandit dandgule <panditdandgule777@gmail.com>
Date:   Sun Jun 12 16:28:47 2022 +0530

    adding diff.py

commit e713454bf5ba92d38d88d778d7d261d658d97055
Author: pandit dandgule <panditdandgule777@gmail.com>
Date:   Sun Jun 12 16:24:58 2022 +0530

    initial commit

ADMIN@DESKTOP-THORTJH MINGW64 /i/Scoopons/git_practice_work/PQR/gitlearn (master)
$ git merge dev
Updating c2c0327..f8deb6a
Fast-forward
 multiply.py | 4 ++++
 1 file changed, 4 insertions(+)
 create mode 100644 multiply.py

ADMIN@DESKTOP-THORTJH MINGW64 /i/Scoopons/git_practice_work/PQR/gitlearn (master)
$ git log
commit f8deb6a0c52f1c0fa695f3508fea01a7698fd066 (HEAD -> master, dev, branchname/multiply)
Author: pandit dandgule <panditdandgule777@gmail.com>
Date:   Sun Jun 12 16:39:24 2022 +0530

    added multiply.py

commit c2c03277a1860e9e9bee29a4b5ff363b70def2e1
Author: pandit dandgule <panditdandgule777@gmail.com>
Date:   Sun Jun 12 16:29:50 2022 +0530

    added files

commit 028d4d2adf456e812bc71d5e8de34858cb7f6912
Author: pandit dandgule <panditdandgule777@gmail.com>
Date:   Sun Jun 12 16:28:47 2022 +0530

    adding diff.py

commit e713454bf5ba92d38d88d778d7d261d658d97055
Author: pandit dandgule <panditdandgule777@gmail.com>
Date:   Sun Jun 12 16:24:58 2022 +0530



ADMIN@DESKTOP-THORTJH MINGW64 /i/Scoopons/git_practice_work/PQR/gitlearn (master)
$

ADMIN@DESKTOP-THORTJH MINGW64 /i/Scoopons/git_practice_work/PQR/gitlearn (master)
$ ls
add.py  add.py.bak  diff.py  multiply.py  multiply.py.bak

ADMIN@DESKTOP-THORTJH MINGW64 /i/Scoopons/git_practice_work/PQR/gitlearn (master)
$ touch .gitignore

ADMIN@DESKTOP-THORTJH MINGW64 /i/Scoopons/git_practice_work/PQR/gitlearn (master)
$ git status
On branch master
Untracked files:
  (use "git add <file>..." to include in what will be committed)
        .gitignore
        secret.txt

nothing added to commit but untracked files present (use "git add" to track)

ADMIN@DESKTOP-THORTJH MINGW64 /i/Scoopons/git_practice_work/PQR/gitlearn (master)
$ git status
On branch master
Untracked files:
  (use "git add <file>..." to include in what will be committed)
        .gitignore
        .gitignore.bak

nothing added to commit but untracked files present (use "git add" to track)

ADMIN@DESKTOP-THORTJH MINGW64 /i/Scoopons/git_practice_work/PQR/gitlearn (master)
$ git status
On branch master
Untracked files:
  (use "git add <file>..." to include in what will be committed)
        .gitignore.bak

nothing added to commit but untracked files present (use "git add" to track)

ADMIN@DESKTOP-THORTJH MINGW64 /i/Scoopons/git_practice_work/PQR/gitlearn (master)
$ git status
On branch master
nothing to commit, working tree clean

ADMIN@DESKTOP-THORTJH MINGW64 /i/Scoopons/git_practice_work/PQR/gitlearn (master)
$ git remote -v

ADMIN@DESKTOP-THORTJH MINGW64 /i/Scoopons/git_practice_work/PQR/gitlearn (master)
$ git remote add origin https://github.com/panditdandgule/test_repo.git

ADMIN@DESKTOP-THORTJH MINGW64 /i/Scoopons/git_practice_work/PQR/gitlearn (master)
$ git remote -v
origin  https://github.com/panditdandgule/test_repo.git (fetch)
origin  https://github.com/panditdandgule/test_repo.git (push)

ADMIN@DESKTOP-THORTJH MINGW64 /i/Scoopons/git_practice_work/PQR/gitlearn (master)
$ git branch -M master

ADMIN@DESKTOP-THORTJH MINGW64 /i/Scoopons/git_practice_work/PQR/gitlearn (master)
$ git push -u origin master
Enumerating objects: 12, done.
Counting objects: 100% (12/12), done.
Delta compression using up to 4 threads
Compressing objects: 100% (7/7), done.
Writing objects: 100% (12/12), 1.03 KiB | 95.00 KiB/s, done.
Total 12 (delta 1), reused 0 (delta 0), pack-reused 0
remote: Resolving deltas: 100% (1/1), done.
To https://github.com/panditdandgule/test_repo.git
 * [new branch]      master -> master
Branch 'master' set up to track remote branch 'master' from 'origin'.

ADMIN@DESKTOP-THORTJH MINGW64 /i/Scoopons/git_practice_work/PQR/gitlearn (master)
$ git checkout dev
Switched to branch 'dev'

ADMIN@DESKTOP-THORTJH MINGW64 /i/Scoopons/git_practice_work/PQR/gitlearn (dev)
$ git push -u origin dev
Total 0 (delta 0), reused 0 (delta 0), pack-reused 0
remote:
remote: Create a pull request for 'dev' on GitHub by visiting:
remote:      https://github.com/panditdandgule/test_repo/pull/new/dev
remote:
To https://github.com/panditdandgule/test_repo.git
 * [new branch]      dev -> dev
Branch 'dev' set up to track remote branch 'dev' from 'origin'.

ADMIN@DESKTOP-THORTJH MINGW64 /i/Scoopons/git_practice_work/PQR/gitlearn (dev)
$ cd..
bash: cd..: command not found

ADMIN@DESKTOP-THORTJH MINGW64 /i/Scoopons/git_practice_work/PQR/gitlearn (dev)
$ cd ..

ADMIN@DESKTOP-THORTJH MINGW64 /i/Scoopons/git_practice_work/PQR
$ cd ..

ADMIN@DESKTOP-THORTJH MINGW64 /i/Scoopons/git_practice_work
$ ls
 ABC/           'How To Create Branch.docx'   PQR/            '~$tbasics.docx'
 GitNotes.docx   MultiplePeoplework.docx      gitbasics.docx  '~WRL3389.tmp'

ADMIN@DESKTOP-THORTJH MINGW64 /i/Scoopons/git_practice_work
$ cd ABC

ADMIN@DESKTOP-THORTJH MINGW64 /i/Scoopons/git_practice_work/ABC
$ git clone https://github.com/panditdandgule/testrepo.git
Cloning into 'testrepo'...
remote: Enumerating objects: 3, done.
remote: Counting objects: 100% (3/3), done.
remote: Total 3 (delta 0), reused 0 (delta 0), pack-reused 0
Receiving objects: 100% (3/3), done.

ADMIN@DESKTOP-THORTJH MINGW64 /i/Scoopons/git_practice_work/ABC
$ ls
demotest/  testrepo/

ADMIN@DESKTOP-THORTJH MINGW64 /i/Scoopons/git_practice_work/ABC
$ git config -global --edit
error: did you mean `--global` (with two dashes)?

ADMIN@DESKTOP-THORTJH MINGW64 /i/Scoopons/git_practice_work/ABC
$ git config --global --edit

ADMIN@DESKTOP-THORTJH MINGW64 /i/Scoopons/git_practice_work/ABC
$ ls
demotest/  testrepo/

ADMIN@DESKTOP-THORTJH MINGW64 /i/Scoopons/git_practice_work/ABC
$ cd testrepo

ADMIN@DESKTOP-THORTJH MINGW64 /i/Scoopons/git_practice_work/ABC/testrepo (main)
$ ls
README.md

ADMIN@DESKTOP-THORTJH MINGW64 /i/Scoopons/git_practice_work/ABC/testrepo (main)
$ vim README.md

ADMIN@DESKTOP-THORTJH MINGW64 /i/Scoopons/git_practice_work/ABC/testrepo (main)
$ git add .

ADMIN@DESKTOP-THORTJH MINGW64 /i/Scoopons/git_practice_work/ABC/testrepo (main)
$ git commit -m "readme updated"
[main 1456e55] readme updated
 1 file changed, 1 insertion(+), 1 deletion(-)

ADMIN@DESKTOP-THORTJH MINGW64 /i/Scoopons/git_practice_work/ABC/testrepo (main)
$ git push origin master
error: src refspec master does not match any
error: failed to push some refs to 'https://github.com/panditdandgule/testrepo.git'

ADMIN@DESKTOP-THORTJH MINGW64 /i/Scoopons/git_practice_work/ABC/testrepo (main)
$ git push origin https://github.com/panditdandgule/testrepo.git
fatal: invalid refspec 'https://github.com/panditdandgule/testrepo.git'

ADMIN@DESKTOP-THORTJH MINGW64 /i/Scoopons/git_practice_work/ABC/testrepo (main)
$ git remote add origin https://github.com/panditdandgule/testrepo.git
\error: remote origin already exists.

ADMIN@DESKTOP-THORTJH MINGW64 /i/Scoopons/git_practice_work/ABC/testrepo (main)
$ git remote add origin https://github.com/panditdandgule/testrepo.git
error: remote origin already exists.

ADMIN@DESKTOP-THORTJH MINGW64 /i/Scoopons/git_practice_work/ABC/testrepo (main)
$ git push origin master
error: src refspec master does not match any
error: failed to push some refs to 'https://github.com/panditdandgule/testrepo.git'

ADMIN@DESKTOP-THORTJH MINGW64 /i/Scoopons/git_practice_work/ABC/testrepo (main)
$ git push
Enumerating objects: 5, done.
Counting objects: 100% (5/5), done.
Writing objects: 100% (3/3), 270 bytes | 135.00 KiB/s, done.
Total 3 (delta 0), reused 0 (delta 0), pack-reused 0
To https://github.com/panditdandgule/testrepo.git
   2cb16ba..1456e55  main -> main

ADMIN@DESKTOP-THORTJH MINGW64 /i/Scoopons/git_practice_work/ABC/testrepo (main)
$
